23-Sep-2026 08:58:44.478 INFO [main] org.apache.catalina.startup.VersionLoggerListener.log Server version name:   Apache Tomcat/9.0.121
23-Sep-2026 08:58:44.484 INFO [main] org.apache.catalina.startup.VersionLoggerListener.log Server built:          Aug 12 2026 19:38:16 UTC
23-Sep-2026 08:58:44.485 INFO [main] org.apache.catalina.startup.VersionLoggerListener.log Server version number: 9.0.121.0
23-Sep-2026 08:58:44.485 INFO [main] org.apache.catalina.startup.VersionLoggerListener.log OS Name:               Windows 10
23-Sep-2026 08:58:44.485 INFO [main] org.apache.catalina.startup.VersionLoggerListener.log OS Version:            10.0
23-Sep-2026 08:58:44.485 INFO [main] org.apache.catalina.startup.VersionLoggerListener.log Architecture:          amd64
23-Sep-2026 08:58:44.486 INFO [main] org.apache.catalina.startup.VersionLoggerListener.log Java Home:             C:\Users\CSE\1033\runtime\jdk\jdk-17.0.20.1+1
23-Sep-2026 08:58:44.486 INFO [main] org.apache.catalina.startup.VersionLoggerListener.log JVM Version:           17.0.20.1+1
23-Sep-2026 08:58:44.486 INFO [main] org.apache.catalina.startup.VersionLoggerListener.log JVM Vendor:            Eclipse Adoptium
23-Sep-2026 08:58:44.486 INFO [main] org.apache.catalina.startup.VersionLoggerListener.log CATALINA_BASE:         C:\Users\CSE\1033-Main\web-tech\apache-tomcat-9.0.121
23-Sep-2026 08:58:44.486 INFO [main] org.apache.catalina.startup.VersionLoggerListener.log CATALINA_HOME:         C:\Users\CSE\1033-Main\web-tech\apache-tomcat-9.0.121
23-Sep-2026 08:58:44.503 INFO [main] org.apache.catalina.startup.VersionLoggerListener.log Command line argument: --add-opens=java.base/java.lang=ALL-UNNAMED
23-Sep-2026 08:58:44.503 INFO [main] org.apache.catalina.startup.VersionLoggerListener.log Command line argument: --add-opens=java.base/java.lang.invoke=ALL-UNNAMED
23-Sep-2026 08:58:44.503 INFO [main] org.apache.catalina.startup.VersionLoggerListener.log Command line argument: --add-opens=java.base/java.lang.reflect=ALL-UNNAMED
23-Sep-2026 08:58:44.503 INFO [main] org.apache.catalina.startup.VersionLoggerListener.log Command line argument: --add-opens=java.base/java.io=ALL-UNNAMED
23-Sep-2026 08:58:44.504 INFO [main] org.apache.catalina.startup.VersionLoggerListener.log Command line argument: --add-opens=java.base/java.util=ALL-UNNAMED
23-Sep-2026 08:58:44.504 INFO [main] org.apache.catalina.startup.VersionLoggerListener.log Command line argument: --add-opens=java.base/java.util.concurrent=ALL-UNNAMED
23-Sep-2026 08:58:44.504 INFO [main] org.apache.catalina.startup.VersionLoggerListener.log Command line argument: --add-opens=java.rmi/sun.rmi.transport=ALL-UNNAMED
23-Sep-2026 08:58:44.504 INFO [main] org.apache.catalina.startup.VersionLoggerListener.log Command line argument: -Djava.util.logging.config.file=C:\Users\CSE\1033-Main\web-tech\apache-tomcat-9.0.121\conf\logging.properties
23-Sep-2026 08:58:44.504 INFO [main] org.apache.catalina.startup.VersionLoggerListener.log Command line argument: -Djava.util.logging.manager=org.apache.juli.ClassLoaderLogManager
23-Sep-2026 08:58:44.505 INFO [main] org.apache.catalina.startup.VersionLoggerListener.log Command line argument: -Djdk.tls.ephemeralDHKeySize=2048
23-Sep-2026 08:58:44.505 INFO [main] org.apache.catalina.startup.VersionLoggerListener.log Command line argument: -Djava.protocol.handler.pkgs=org.apache.catalina.webresources
23-Sep-2026 08:58:44.505 INFO [main] org.apache.catalina.startup.VersionLoggerListener.log Command line argument: -Dsun.io.useCanonCaches=false
23-Sep-2026 08:58:44.505 INFO [main] org.apache.catalina.startup.VersionLoggerListener.log Command line argument: -Dignore.endorsed.dirs=
23-Sep-2026 08:58:44.505 INFO [main] org.apache.catalina.startup.VersionLoggerListener.log Command line argument: -Dcatalina.base=C:\Users\CSE\1033-Main\web-tech\apache-tomcat-9.0.121
23-Sep-2026 08:58:44.505 INFO [main] org.apache.catalina.startup.VersionLoggerListener.log Command line argument: -Dcatalina.home=C:\Users\CSE\1033-Main\web-tech\apache-tomcat-9.0.121
23-Sep-2026 08:58:44.506 INFO [main] org.apache.catalina.startup.VersionLoggerListener.log Command line argument: -Djava.io.tmpdir=C:\Users\CSE\1033-Main\web-tech\apache-tomcat-9.0.121\temp
23-Sep-2026 08:58:44.509 INFO [main] org.apache.catalina.core.AprLifecycleListener.lifecycleEvent Loaded Apache Tomcat Native library [1.3.8] using APR version [1.7.6].
23-Sep-2026 08:58:44.509 INFO [main] org.apache.catalina.core.AprLifecycleListener.lifecycleEvent APR capabilities: IPv6 [true], sendfile [true], accept filters [false], random [true], UDS [true].
23-Sep-2026 08:58:44.510 INFO [main] org.apache.catalina.core.AprLifecycleListener.lifecycleEvent APR/OpenSSL configuration: useAprConnector [false], useOpenSSL [true]
23-Sep-2026 08:58:44.516 INFO [main] org.apache.catalina.core.AprLifecycleListener.initializeSSL OpenSSL successfully initialized [OpenSSL 3.0.21 9 Jun 2026]
23-Sep-2026 08:58:44.766 INFO [main] org.apache.coyote.AbstractProtocol.init Initializing ProtocolHandler ["http-nio-8080"]
23-Sep-2026 08:58:44.798 INFO [main] org.apache.catalina.startup.Catalina.load Server initialization in [491] milliseconds
23-Sep-2026 08:58:44.854 INFO [main] org.apache.catalina.core.StandardService.startInternal Starting service [Catalina]
23-Sep-2026 08:58:44.854 INFO [main] org.apache.catalina.core.StandardEngine.startInternal Starting Servlet engine: [Apache Tomcat/9.0.121]
23-Sep-2026 08:58:44.864 INFO [main] org.apache.catalina.startup.HostConfig.deployDirectory Deploying web application directory [C:\Users\CSE\1033-Main\web-tech\apache-tomcat-9.0.121\webapps\docs]
23-Sep-2026 08:58:45.150 INFO [main] org.apache.catalina.startup.HostConfig.deployDirectory Deployment of web application directory [C:\Users\CSE\1033-Main\web-tech\apache-tomcat-9.0.121\webapps\docs] has finished in [286] ms
23-Sep-2026 08:58:45.151 INFO [main] org.apache.catalina.startup.HostConfig.deployDirectory Deploying web application directory [C:\Users\CSE\1033-Main\web-tech\apache-tomcat-9.0.121\webapps\examples]
23-Sep-2026 08:58:45.878 INFO [main] org.apache.catalina.startup.HostConfig.deployDirectory Deployment of web application directory [C:\Users\CSE\1033-Main\web-tech\apache-tomcat-9.0.121\webapps\examples] has finished in [727] ms
23-Sep-2026 08:58:45.879 INFO [main] org.apache.catalina.startup.HostConfig.deployDirectory Deploying web application directory [C:\Users\CSE\1033-Main\web-tech\apache-tomcat-9.0.121\webapps\host-manager]
23-Sep-2026 08:58:45.925 INFO [main] org.apache.catalina.startup.HostConfig.deployDirectory Deployment of web application directory [C:\Users\CSE\1033-Main\web-tech\apache-tomcat-9.0.121\webapps\host-manager] has finished in [46] ms
23-Sep-2026 08:58:45.925 INFO [main] org.apache.catalina.startup.HostConfig.deployDirectory Deploying web application directory [C:\Users\CSE\1033-Main\web-tech\apache-tomcat-9.0.121\webapps\manager]
23-Sep-2026 08:58:45.967 INFO [main] org.apache.catalina.startup.HostConfig.deployDirectory Deployment of web application directory [C:\Users\CSE\1033-Main\web-tech\apache-tomcat-9.0.121\webapps\manager] has finished in [42] ms
23-Sep-2026 08:58:45.968 INFO [main] org.apache.catalina.startup.HostConfig.deployDirectory Deploying web application directory [C:\Users\CSE\1033-Main\web-tech\apache-tomcat-9.0.121\webapps\ROOT]
23-Sep-2026 08:58:46.250 INFO [main] org.apache.jasper.servlet.TldScanner.scanJars At least one JAR was scanned for TLDs yet contained no TLDs. Enable debug logging for this logger for a complete list of JARs that were scanned but no TLDs were found in them. Skipping unneeded JARs during scanning can improve startup time and JSP compilation time.
23-Sep-2026 08:58:46.257 INFO [main] org.apache.catalina.startup.HostConfig.deployDirectory Deployment of web application directory [C:\Users\CSE\1033-Main\web-tech\apache-tomcat-9.0.121\webapps\ROOT] has finished in [289] ms
23-Sep-2026 08:58:46.261 INFO [main] org.apache.coyote.AbstractProtocol.start Starting ProtocolHandler ["http-nio-8080"]
23-Sep-2026 08:58:46.294 INFO [main] org.apache.catalina.startup.Catalina.start Server startup in [1495] milliseconds
23-Sep-2026 09:05:05.617 INFO [Thread-1] org.apache.coyote.AbstractProtocol.pause Pausing ProtocolHandler ["http-nio-8080"]
23-Sep-2026 09:05:05.649 INFO [Thread-1] org.apache.catalina.core.StandardService.stopInternal Stopping service [Catalina]
23-Sep-2026 09:05:05.675 INFO [Thread-1] org.apache.coyote.AbstractProtocol.stop Stopping ProtocolHandler ["http-nio-8080"]
23-Sep-2026 09:05:05.686 INFO [Thread-1] org.apache.coyote.AbstractProtocol.destroy Destroying ProtocolHandler ["http-nio-8080"]
